// Jest Snapshot v1, https://goo.gl/fbAQLP

exports[`modules/codeConfig with code config a record snapshot can be tested with a bootstrapped property 1`] = `
Object {
  "exports": Array [
    Object {
      "completedAt": null,
      "createdAt": null,
      "destination": undefined,
      "destinationName": "Test Destination",
      "errorLevel": undefined,
      "errorMessage": undefined,
      "exportProcessorId": undefined,
      "force": true,
      "hasChanges": true,
      "id": null,
      "newGroups": Array [
        "Literally Everyone",
      ],
      "newRecordProperties": Object {
        "primary-id": 100,
        "secondary-id": "example@example.com",
      },
      "oldGroups": Array [],
      "oldRecordProperties": Object {},
      "recordId": Any<String>,
      "retryCount": 0,
      "sendAt": Any<Number>,
      "startedAt": Any<Number>,
      "state": "pending",
      "toDelete": false,
    },
  ],
  "groups": Array [
    Object {
      "calculatedAt": null,
      "createdAt": Any<Number>,
      "id": Any<String>,
      "locked": "config:code",
      "matchType": "all",
      "modelId": Any<String>,
      "modelName": "Profiles",
      "name": "People with Email Addresses",
      "nextCalculatedAt": null,
      "recordsCount": 1,
      "rules": Array [
        Object {
          "key": "userId",
          "match": "null",
          "operation": Object {
            "description": "is not equal to",
            "op": "ne",
          },
          "relativeMatchDirection": null,
          "relativeMatchNumber": null,
          "relativeMatchUnit": null,
          "topLevel": false,
          "type": "integer",
        },
        Object {
          "key": "email",
          "match": "%@%",
          "operation": Object {
            "description": "is like (case sensitive)",
            "op": "like",
          },
          "relativeMatchDirection": null,
          "relativeMatchNumber": null,
          "relativeMatchUnit": null,
          "topLevel": false,
          "type": "email",
        },
      ],
      "state": "updating",
      "updatedAt": Any<Number>,
    },
  ],
  "properties": Object {
    "email": Object {
      "configId": Any<String>,
      "confirmedAt": Any<Date>,
      "createdAt": Any<Date>,
      "id": Any<String>,
      "invalidReason": null,
      "invalidValue": null,
      "isArray": false,
      "isPrimaryKey": false,
      "startedAt": null,
      "state": "ready",
      "stateChangedAt": Any<Date>,
      "type": "email",
      "unique": true,
      "updatedAt": Any<Date>,
      "valueChangedAt": Any<Date>,
      "values": Array [
        "example@example.com",
      ],
    },
    "first name": Object {
      "configId": Any<String>,
      "confirmedAt": Any<Date>,
      "createdAt": Any<Date>,
      "id": Any<String>,
      "invalidReason": null,
      "invalidValue": null,
      "isArray": false,
      "isPrimaryKey": false,
      "startedAt": null,
      "state": "ready",
      "stateChangedAt": Any<Date>,
      "type": "string",
      "unique": false,
      "updatedAt": Any<Date>,
      "valueChangedAt": Any<Date>,
      "values": Array [
        Object {},
      ],
    },
    "last name": Object {
      "configId": Any<String>,
      "confirmedAt": Any<Date>,
      "createdAt": Any<Date>,
      "id": Any<String>,
      "invalidReason": null,
      "invalidValue": null,
      "isArray": false,
      "isPrimaryKey": false,
      "startedAt": null,
      "state": "ready",
      "stateChangedAt": Any<Date>,
      "type": "string",
      "unique": false,
      "updatedAt": Any<Date>,
      "valueChangedAt": Any<Date>,
      "values": Array [
        Object {},
      ],
    },
    "userId": Object {
      "configId": Any<String>,
      "confirmedAt": Any<Date>,
      "createdAt": Any<Date>,
      "id": Any<String>,
      "invalidReason": null,
      "invalidValue": null,
      "isArray": false,
      "isPrimaryKey": true,
      "startedAt": null,
      "state": "ready",
      "stateChangedAt": Any<Date>,
      "type": "integer",
      "unique": true,
      "updatedAt": Any<Date>,
      "valueChangedAt": Any<Date>,
      "values": Array [
        100,
      ],
    },
  },
}
`;

exports[`modules/codeConfig with code config a record snapshot can be tested with multiple unique properties 1`] = `
Object {
  "exports": Array [
    Object {
      "completedAt": null,
      "createdAt": null,
      "destination": undefined,
      "destinationName": "Test Destination",
      "errorLevel": undefined,
      "errorMessage": undefined,
      "exportProcessorId": undefined,
      "force": true,
      "hasChanges": true,
      "id": null,
      "newGroups": Array [
        "Literally Everyone",
      ],
      "newRecordProperties": Object {
        "primary-id": 100,
        "secondary-id": "example@example.com",
      },
      "oldGroups": Array [],
      "oldRecordProperties": Object {},
      "recordId": Any<String>,
      "retryCount": 0,
      "sendAt": Any<Number>,
      "startedAt": Any<Number>,
      "state": "pending",
      "toDelete": false,
    },
  ],
  "groups": Array [
    Object {
      "calculatedAt": null,
      "createdAt": Any<Number>,
      "id": Any<String>,
      "locked": "config:code",
      "matchType": "all",
      "modelId": Any<String>,
      "modelName": "Profiles",
      "name": "People with Email Addresses",
      "nextCalculatedAt": null,
      "recordsCount": 1,
      "rules": Array [
        Object {
          "key": "userId",
          "match": "null",
          "operation": Object {
            "description": "is not equal to",
            "op": "ne",
          },
          "relativeMatchDirection": null,
          "relativeMatchNumber": null,
          "relativeMatchUnit": null,
          "topLevel": false,
          "type": "integer",
        },
        Object {
          "key": "email",
          "match": "%@%",
          "operation": Object {
            "description": "is like (case sensitive)",
            "op": "like",
          },
          "relativeMatchDirection": null,
          "relativeMatchNumber": null,
          "relativeMatchUnit": null,
          "topLevel": false,
          "type": "email",
        },
      ],
      "state": "updating",
      "updatedAt": Any<Number>,
    },
  ],
  "properties": Object {
    "email": Object {
      "configId": Any<String>,
      "confirmedAt": Any<Date>,
      "createdAt": Any<Date>,
      "id": Any<String>,
      "invalidReason": null,
      "invalidValue": null,
      "isArray": false,
      "isPrimaryKey": false,
      "startedAt": null,
      "state": "ready",
      "stateChangedAt": Any<Date>,
      "type": "email",
      "unique": true,
      "updatedAt": Any<Date>,
      "valueChangedAt": Any<Date>,
      "values": Array [
        "example@example.com",
      ],
    },
    "first name": Object {
      "configId": Any<String>,
      "confirmedAt": Any<Date>,
      "createdAt": Any<Date>,
      "id": Any<String>,
      "invalidReason": null,
      "invalidValue": null,
      "isArray": false,
      "isPrimaryKey": false,
      "startedAt": null,
      "state": "ready",
      "stateChangedAt": Any<Date>,
      "type": "string",
      "unique": false,
      "updatedAt": Any<Date>,
      "valueChangedAt": Any<Date>,
      "values": Array [
        Object {},
      ],
    },
    "last name": Object {
      "configId": Any<String>,
      "confirmedAt": Any<Date>,
      "createdAt": Any<Date>,
      "id": Any<String>,
      "invalidReason": null,
      "invalidValue": null,
      "isArray": false,
      "isPrimaryKey": false,
      "startedAt": null,
      "state": "ready",
      "stateChangedAt": Any<Date>,
      "type": "string",
      "unique": false,
      "updatedAt": Any<Date>,
      "valueChangedAt": Any<Date>,
      "values": Array [
        Object {},
      ],
    },
    "userId": Object {
      "configId": Any<String>,
      "confirmedAt": Any<Date>,
      "createdAt": Any<Date>,
      "id": Any<String>,
      "invalidReason": null,
      "invalidValue": null,
      "isArray": false,
      "isPrimaryKey": true,
      "startedAt": null,
      "state": "ready",
      "stateChangedAt": Any<Date>,
      "type": "integer",
      "unique": true,
      "updatedAt": Any<Date>,
      "valueChangedAt": Any<Date>,
      "values": Array [
        100,
      ],
    },
  },
}
`;
