// Jest Snapshot v1, https://goo.gl/fbAQLP

exports[`test grouparoo profiles within a mock environment groups match the snapshot 1`] = `
Object {
  "calculatedAt": null,
  "createdAt": Any<Number>,
  "guid": StringMatching /\\^grp_/,
  "locked": null,
  "matchType": "all",
  "name": "test group",
  "nextCalculatedAt": Any<Number>,
  "profilesCount": 1,
  "rules": Array [
    Object {
      "key": "email",
      "match": "%@example.com",
      "operation": Object {
        "description": "is like (case sensitive)",
        "op": "like",
      },
      "relativeMatchDirection": null,
      "relativeMatchNumber": null,
      "relativeMatchUnit": null,
      "topLevel": false,
      "type": "email",
    },
  ],
  "state": "ready",
  "type": "calculated",
  "updatedAt": Any<Number>,
}
`;

exports[`test grouparoo profiles within a mock environment profile properties match the snapshot 1`] = `
Object {
  "email": ArrayContaining [
    StringMatching /@example\\.com/,
  ],
  "firstName": Array [
    "Mario",
  ],
  "isVIP": Array [
    true,
  ],
  "lastLoginAt": ArrayContaining [
    Any<Date>,
  ],
  "lastName": Array [
    "Mario",
  ],
  "ltv": Array [
    100,
  ],
  "purchaseAmounts": Array [
    NaN,
  ],
  "purchases": Array [
    "...mario",
  ],
  "userId": ArrayContaining [
    Any<Number>,
  ],
}
`;
